// Jest Snapshot v1, https://goo.gl/fbAQLP

exports[`Multiply should throw an error when attempting to multiply non-numbers 1`] = `"This isn't a number!"`;

exports[`Multiply should throw an error when attempting to multiply non-numbers 2`] = `"This isn't a number!"`;

exports[`Multiply should throw an error when attempting to multiply non-numbers 3`] = `"This isn't a number!"`;

exports[`Multiply should throw an error when attempting to multiply non-numbers 4`] = `"This isn't a number!"`;

exports[`Multiply should throw an error when attempting to multiply non-numbers 5`] = `"This isn't a number!"`;

exports[`Multiply should throw an error when attempting to multiply non-numbers 6`] = `"This isn't a number!"`;

exports[`Multiply should throw an error when attempting to multiply non-numbers 7`] = `"This isn't a number!"`;
